// Jest Snapshot v1, https://goo.gl/fbAQLP

exports[`Example Component Matches snapshot 1`] = `
<button
  class="Example"
/>
`;
